// Jest Snapshot v1, https://goo.gl/fbAQLP

exports[`app should render correctly 1`] = `
<div class=" 6z">
</div>
`;
